---
source: utoipa-gen/tests/path_derive.rs
expression: "&schemas"
---
{
  "PersonNationalityResponse": {
    "allOf": [
      {
        "properties": {
          "country_code": {
            "type": "string"
          },
          "is_primary": {
            "type": [
              "boolean",
              "null"
            ]
          },
          "valid_from": {
            "type": [
              "string",
              "null"
            ]
          },
          "valid_to": {
            "type": [
              "string",
              "null"
            ]
          }
        },
        "required": [
          "country_code"
        ],
        "type": "object"
      },
      {
        "properties": {
          "created_at": {
            "type": "string"
          },
          "id": {
            "type": "string"
          },
          "updated_at": {
            "type": "string"
          }
        },
        "required": [
          "id",
          "created_at",
          "updated_at"
        ],
        "type": "object"
      }
    ]
  }
}
